// Jest Snapshot v1, https://goo.gl/fbAQLP

exports[`Render Card component  should render card component without crashing 1`] = `ShallowWrapper {}`;
